===== PART A: Instruction Mix =====
LOADS: 205554 (22.7775%)
STORES: 97561 (10.8108%)
NOPS: 126 (0.0139621%)
DIRECT_CALLS: 2233 (0.247439%)
INDIRECT_CALLS: 167 (0.0185053%)
RETURNS: 2395 (0.265391%)
UNCONDITIONAL_BR: 3060 (0.33908%)
CONDITIONAL_BR: 101408 (11.2371%)
LOGICAL: 80630 (8.93464%)
ROTATE_AND_SHIFT: 21468 (2.37888%)
FLAG_OP: 0 (0%)
VECTOR: 205 (0.0227161%)
CONDITIONAL_MOVE: 359 (0.0397809%)
MMX_SSE: 3621 (0.401244%)
SYSCALL: 66 (0.00731348%)
FLOATING_POINT: 0 (0%)
OTHERS: 383590 (42.5057%)
TOTAL: 902443

===== PART B: CPI =====
TOTAL_CYCLES: 21817378
TOTAL_INSTRUCTIONS: 902443
CPI: 24.1759

===== PART C: Memory Footprint =====
INSTRUCTION_CHUNKS (32B): 4334
INSTRUCTION_FOOTPRINT (bytes): 138688
DATA_CHUNKS (32B): 27173
DATA_FOOTPRINT (bytes): 869536
SINGLE_CHUNK_INSTRUCTIONS: 0.907391
MULTIPLE_CHUNK_INSTRUCTIONS: 0.0926089
SINGLE_DATA_CHUNK_ACCESSES: 0.811359
MULTIPLE_DATA_CHUNK_ACCESSES: 0.188641

===== PART D: ISA Properties =====

-- D1: Instruction Length Distribution --
LENGTH_1_BYTES: 10268
LENGTH_2_BYTES: 120454
LENGTH_3_BYTES: 223515
LENGTH_4_BYTES: 149809
LENGTH_5_BYTES: 18926
LENGTH_6_BYTES: 45279
LENGTH_7_BYTES: 25396
LENGTH_8_BYTES: 4591
LENGTH_9_BYTES: 570
LENGTH_10_BYTES: 418
LENGTH_11_BYTES: 360
LENGTH_12_BYTES: 43
LENGTH_13_BYTES: 0
LENGTH_14_BYTES: 0
LENGTH_15_BYTES: 0

-- D2: Operand Count Distribution --
OPERANDS_0: 181
OPERANDS_1: 1669
OPERANDS_2: 215636
OPERANDS_3: 356920
OPERANDS_4: 22397
OPERANDS_5: 2826
OPERANDS_6: 0
OPERANDS_7: 0

-- D3: Register Read Operand Distribution --
REG_READ_0: 2982
REG_READ_1: 305951
REG_READ_2: 289449
REG_READ_3: 821
REG_READ_4: 426
REG_READ_5: 0
REG_READ_6: 0
REG_READ_7: 0

-- D4: Register Write Operand Distribution --
REG_WRITE_0: 38967
REG_WRITE_1: 382907
REG_WRITE_2: 177330
REG_WRITE_3: 288
REG_WRITE_4: 137
REG_WRITE_5: 0
REG_WRITE_6: 0
REG_WRITE_7: 0

-- D5: Memory Operand Distribution --
MEM_OPERANDS_0: 424377
MEM_OPERANDS_1: 174115
MEM_OPERANDS_2: 836
MEM_OPERANDS_3: 0
MEM_OPERANDS_4: 0
MEM_OPERANDS_5: 0
MEM_OPERANDS_6: 0
MEM_OPERANDS_7: 0

-- D6: Memory Read Operand Distribution --
MEM_READ_0: 472230
MEM_READ_1: 127098
MEM_READ_2: 0
MEM_READ_3: 0
MEM_READ_4: 0
MEM_READ_5: 0
MEM_READ_6: 0
MEM_READ_7: 0

-- D7: Memory Write Operand Distribution --
MEM_WRITE_0: 549015
MEM_WRITE_1: 50313
MEM_WRITE_2: 0
MEM_WRITE_3: 0
MEM_WRITE_4: 0
MEM_WRITE_5: 0
MEM_WRITE_6: 0
MEM_WRITE_7: 0

-- D8: Memory Bytes per Memory Instruction --
MAX_MEM_BYTES: 32
AVG_MEM_BYTES: 1.90068

-- D9: Immediate Field Values --
MAX_IMMEDIATE: 2147483647
MIN_IMMEDIATE: -2147483648

-- D10: Displacement Field Values --
MAX_DISPLACEMENT: 4569653
MIN_DISPLACEMENT: -139753
