===== PART A: Instruction Mix =====
LOADS: 547670944 (33.7367%)
STORES: 75699025 (4.66308%)
NOPS: 34317 (0.00211394%)
DIRECT_CALLS: 144578 (0.00890605%)
INDIRECT_CALLS: 937 (5.77195e-05%)
RETURNS: 145515 (0.00896377%)
UNCONDITIONAL_BR: 205820 (0.0126786%)
CONDITIONAL_BR: 144361223 (8.89269%)
LOGICAL: 1158479 (0.0713626%)
ROTATE_AND_SHIFT: 294092 (0.0181162%)
FLAG_OP: 5648 (0.000347918%)
VECTOR: 0 (0%)
CONDITIONAL_MOVE: 0 (0%)
MMX_SSE: 0 (0%)
SYSCALL: 0 (0%)
FLOATING_POINT: 40212 (0.00247707%)
OTHERS: 853608216 (52.5825%)
TOTAL: 1623369006

===== PART B: CPI =====
TOTAL_CYCLES: 44635896867
TOTAL_INSTRUCTIONS: 1623369006
CPI: 27.4958

===== PART C: Memory Footprint =====
INSTRUCTION_CHUNKS (32B): 462
INSTRUCTION_FOOTPRINT (bytes): 14784
DATA_CHUNKS (32B): 85346
DATA_FOOTPRINT (bytes): 2731072
SINGLE_CHUNK_INSTRUCTIONS: 0.915272
MULTIPLE_CHUNK_INSTRUCTIONS: 0.084728
SINGLE_DATA_CHUNK_ACCESSES: 0.888579
MULTIPLE_DATA_CHUNK_ACCESSES: 0.111421

===== PART D: ISA Properties =====

-- D1: Instruction Length Distribution --
LENGTH_1_BYTES: 25077914
LENGTH_2_BYTES: 302860246
LENGTH_3_BYTES: 296150925
LENGTH_4_BYTES: 270389432
LENGTH_5_BYTES: 24861194
LENGTH_6_BYTES: 68360442
LENGTH_7_BYTES: 416469
LENGTH_8_BYTES: 11883378
LENGTH_9_BYTES: 0
LENGTH_10_BYTES: 0
LENGTH_11_BYTES: 0
LENGTH_12_BYTES: 0
LENGTH_13_BYTES: 0
LENGTH_14_BYTES: 0
LENGTH_15_BYTES: 0

-- D2: Operand Count Distribution --
OPERANDS_0: 34887
OPERANDS_1: 3491
OPERANDS_2: 566127646
OPERANDS_3: 432938017
OPERANDS_4: 712697
OPERANDS_5: 159485
OPERANDS_6: 23777
OPERANDS_7: 0

-- D3: Register Read Operand Distribution --
REG_READ_0: 610915
REG_READ_1: 75619798
REG_READ_2: 562398523
REG_READ_3: 281426030
REG_READ_4: 79906050
REG_READ_5: 14907
REG_READ_6: 23777
REG_READ_7: 0

-- D4: Register Write Operand Distribution --
REG_WRITE_0: 75149763
REG_WRITE_1: 755279808
REG_WRITE_2: 169546652
REG_WRITE_3: 23777
REG_WRITE_4: 0
REG_WRITE_5: 0
REG_WRITE_6: 0
REG_WRITE_7: 0

-- D5: Memory Operand Distribution --
MEM_OPERANDS_0: 376807599
MEM_OPERANDS_1: 623167687
MEM_OPERANDS_2: 23751
MEM_OPERANDS_3: 0
MEM_OPERANDS_4: 0
MEM_OPERANDS_5: 0
MEM_OPERANDS_6: 0
MEM_OPERANDS_7: 0

-- D6: Memory Read Operand Distribution --
MEM_READ_0: 452335976
MEM_READ_1: 547663061
MEM_READ_2: 0
MEM_READ_3: 0
MEM_READ_4: 0
MEM_READ_5: 0
MEM_READ_6: 0
MEM_READ_7: 0

-- D7: Memory Write Operand Distribution --
MEM_WRITE_0: 924304648
MEM_WRITE_1: 75694389
MEM_WRITE_2: 0
MEM_WRITE_3: 0
MEM_WRITE_4: 0
MEM_WRITE_5: 0
MEM_WRITE_6: 0
MEM_WRITE_7: 0

-- D8: Memory Bytes per Memory Instruction --
MAX_MEM_BYTES: 8
AVG_MEM_BYTES: 2.49122

-- D9: Immediate Field Values --
MAX_IMMEDIATE: 2147483647
MIN_IMMEDIATE: -987654321

-- D10: Displacement Field Values --
MAX_DISPLACEMENT: 135294312
MIN_DISPLACEMENT: -580
