===== PART A: Instruction Mix =====
LOADS: 415213373 (27.2226%)
STORES: 110039541 (7.21451%)
NOPS: 1477640 (0.0968784%)
DIRECT_CALLS: 12556568 (0.823245%)
INDIRECT_CALLS: 0 (0%)
RETURNS: 12556567 (0.823245%)
UNCONDITIONAL_BR: 8314430 (0.545118%)
CONDITIONAL_BR: 178242886 (11.6861%)
LOGICAL: 75119465 (4.92505%)
ROTATE_AND_SHIFT: 3516420 (0.230547%)
FLAG_OP: 0 (0%)
VECTOR: 0 (0%)
CONDITIONAL_MOVE: 0 (0%)
MMX_SSE: 0 (0%)
SYSCALL: 0 (0%)
FLOATING_POINT: 0 (0%)
OTHERS: 708216024 (46.4327%)
TOTAL: 1525252914

===== PART B: CPI =====
TOTAL_CYCLES: 37767703980
TOTAL_INSTRUCTIONS: 1525252914
CPI: 24.7616

===== PART C: Memory Footprint =====
INSTRUCTION_CHUNKS (32B): 65
INSTRUCTION_FOOTPRINT (bytes): 2080
DATA_CHUNKS (32B): 11673113
DATA_FOOTPRINT (bytes): 373539616
SINGLE_CHUNK_INSTRUCTIONS: 0.925908
MULTIPLE_CHUNK_INSTRUCTIONS: 0.0740921
SINGLE_DATA_CHUNK_ACCESSES: 0.945577
MULTIPLE_DATA_CHUNK_ACCESSES: 0.0544227

===== PART D: ISA Properties =====

-- D1: Instruction Length Distribution --
LENGTH_1_BYTES: 80626108
LENGTH_2_BYTES: 485394962
LENGTH_3_BYTES: 315526941
LENGTH_4_BYTES: 50531706
LENGTH_5_BYTES: 22076054
LENGTH_6_BYTES: 5249475
LENGTH_7_BYTES: 40594754
LENGTH_8_BYTES: 0
LENGTH_9_BYTES: 0
LENGTH_10_BYTES: 0
LENGTH_11_BYTES: 0
LENGTH_12_BYTES: 0
LENGTH_13_BYTES: 0
LENGTH_14_BYTES: 0
LENGTH_15_BYTES: 0

-- D2: Operand Count Distribution --
OPERANDS_0: 1477640
OPERANDS_1: 0
OPERANDS_2: 484783817
OPERANDS_3: 457347005
OPERANDS_4: 43834970
OPERANDS_5: 12556568
OPERANDS_6: 0
OPERANDS_7: 0

-- D3: Register Read Operand Distribution --
REG_READ_0: 3759790
REG_READ_1: 148509144
REG_READ_2: 677533368
REG_READ_3: 170197698
REG_READ_4: 0
REG_READ_5: 0
REG_READ_6: 0
REG_READ_7: 0

-- D4: Register Write Operand Distribution --
REG_WRITE_0: 70905928
REG_WRITE_1: 770283430
REG_WRITE_2: 158772130
REG_WRITE_3: 38512
REG_WRITE_4: 0
REG_WRITE_5: 0
REG_WRITE_6: 0
REG_WRITE_7: 0

-- D5: Memory Operand Distribution --
MEM_OPERANDS_0: 487181825
MEM_OPERANDS_1: 512818175
MEM_OPERANDS_2: 0
MEM_OPERANDS_3: 0
MEM_OPERANDS_4: 0
MEM_OPERANDS_5: 0
MEM_OPERANDS_6: 0
MEM_OPERANDS_7: 0

-- D6: Memory Read Operand Distribution --
MEM_READ_0: 584786627
MEM_READ_1: 415213373
MEM_READ_2: 0
MEM_READ_3: 0
MEM_READ_4: 0
MEM_READ_5: 0
MEM_READ_6: 0
MEM_READ_7: 0

-- D7: Memory Write Operand Distribution --
MEM_WRITE_0: 889960459
MEM_WRITE_1: 110039541
MEM_WRITE_2: 0
MEM_WRITE_3: 0
MEM_WRITE_4: 0
MEM_WRITE_5: 0
MEM_WRITE_6: 0
MEM_WRITE_7: 0

-- D8: Memory Bytes per Memory Instruction --
MAX_MEM_BYTES: 4
AVG_MEM_BYTES: 2.05127

-- D9: Immediate Field Values --
MAX_IMMEDIATE: 1374389535
MIN_IMMEDIATE: -100000000

-- D10: Displacement Field Values --
MAX_DISPLACEMENT: 134957120
MIN_DISPLACEMENT: -76
