===== PART A: Instruction Mix =====
LOADS: 357006003 (22.852%)
STORES: 205414771 (13.1486%)
NOPS: 946254 (0.0605699%)
DIRECT_CALLS: 12647368 (0.80956%)
INDIRECT_CALLS: 2861038 (0.183136%)
RETURNS: 15508408 (0.992696%)
UNCONDITIONAL_BR: 30572441 (1.95695%)
CONDITIONAL_BR: 129939846 (8.31747%)
LOGICAL: 99892892 (6.39416%)
ROTATE_AND_SHIFT: 4307390 (0.275717%)
FLAG_OP: 856201 (0.0548056%)
VECTOR: 0 (0%)
CONDITIONAL_MOVE: 0 (0%)
MMX_SSE: 0 (0%)
SYSCALL: 0 (0%)
FLOATING_POINT: 914580 (0.0585424%)
OTHERS: 701384418 (44.8957%)
TOTAL: 1562251610

===== PART B: CPI =====
TOTAL_CYCLES: 40369285016
TOTAL_INSTRUCTIONS: 1562251610
CPI: 25.8405

===== PART C: Memory Footprint =====
INSTRUCTION_CHUNKS (32B): 2833
INSTRUCTION_FOOTPRINT (bytes): 90656
DATA_CHUNKS (32B): 31138
DATA_FOOTPRINT (bytes): 996416
SINGLE_CHUNK_INSTRUCTIONS: 0.891957
MULTIPLE_CHUNK_INSTRUCTIONS: 0.108043
SINGLE_DATA_CHUNK_ACCESSES: 0.889813
MULTIPLE_DATA_CHUNK_ACCESSES: 0.110187

===== PART D: ISA Properties =====

-- D1: Instruction Length Distribution --
LENGTH_1_BYTES: 117138587
LENGTH_2_BYTES: 256450139
LENGTH_3_BYTES: 274763605
LENGTH_4_BYTES: 52825971
LENGTH_5_BYTES: 78533059
LENGTH_6_BYTES: 186289505
LENGTH_7_BYTES: 33999094
LENGTH_8_BYTES: 28
LENGTH_9_BYTES: 0
LENGTH_10_BYTES: 12
LENGTH_11_BYTES: 0
LENGTH_12_BYTES: 0
LENGTH_13_BYTES: 0
LENGTH_14_BYTES: 0
LENGTH_15_BYTES: 0

-- D2: Operand Count Distribution --
OPERANDS_0: 946254
OPERANDS_1: 1069415
OPERANDS_2: 521095832
OPERANDS_3: 355202459
OPERANDS_4: 102872618
OPERANDS_5: 15510035
OPERANDS_6: 3303387
OPERANDS_7: 0

-- D3: Register Read Operand Distribution --
REG_READ_0: 9973765
REG_READ_1: 260698739
REG_READ_2: 537063327
REG_READ_3: 179151963
REG_READ_4: 7182864
REG_READ_5: 2625955
REG_READ_6: 3303387
REG_READ_7: 0

-- D4: Register Write Operand Distribution --
REG_WRITE_0: 135594669
REG_WRITE_1: 685366179
REG_WRITE_2: 175732349
REG_WRITE_3: 2402580
REG_WRITE_4: 904223
REG_WRITE_5: 0
REG_WRITE_6: 0
REG_WRITE_7: 0

-- D5: Memory Operand Distribution --
MEM_OPERANDS_0: 453567121
MEM_OPERANDS_1: 540302308
MEM_OPERANDS_2: 5961407
MEM_OPERANDS_3: 0
MEM_OPERANDS_4: 0
MEM_OPERANDS_5: 0
MEM_OPERANDS_6: 0
MEM_OPERANDS_7: 0

-- D6: Memory Read Operand Distribution --
MEM_READ_0: 643807446
MEM_READ_1: 355119190
MEM_READ_2: 904200
MEM_READ_3: 0
MEM_READ_4: 0
MEM_READ_5: 0
MEM_READ_6: 0
MEM_READ_7: 0

-- D7: Memory Write Operand Distribution --
MEM_WRITE_0: 794873340
MEM_WRITE_1: 204957496
MEM_WRITE_2: 0
MEM_WRITE_3: 0
MEM_WRITE_4: 0
MEM_WRITE_5: 0
MEM_WRITE_6: 0
MEM_WRITE_7: 0

-- D8: Memory Bytes per Memory Instruction --
MAX_MEM_BYTES: 8
AVG_MEM_BYTES: 2.04189

-- D9: Immediate Field Values --
MAX_IMMEDIATE: 2147483647
MIN_IMMEDIATE: -2147483648

-- D10: Displacement Field Values --
MAX_DISPLACEMENT: 135918120
MIN_DISPLACEMENT: -1408
