===== PART A: Instruction Mix =====
LOADS: 546247389 (33.1489%)
STORES: 101612623 (6.16634%)
NOPS: 11471 (0.000696115%)
DIRECT_CALLS: 3199444 (0.194158%)
INDIRECT_CALLS: 135 (8.19244e-06%)
RETURNS: 3199579 (0.194166%)
UNCONDITIONAL_BR: 13383523 (0.812176%)
CONDITIONAL_BR: 103025352 (6.25207%)
LOGICAL: 13717300 (0.832431%)
ROTATE_AND_SHIFT: 10236564 (0.621203%)
FLAG_OP: 23458139 (1.42355%)
VECTOR: 0 (0%)
CONDITIONAL_MOVE: 0 (0%)
MMX_SSE: 0 (0%)
SYSCALL: 0 (0%)
FLOATING_POINT: 306634751 (18.6081%)
OTHERS: 523133742 (31.7462%)
TOTAL: 1647860012

===== PART B: CPI =====
TOTAL_CYCLES: 46350200840
TOTAL_INSTRUCTIONS: 1647860012
CPI: 28.1275

===== PART C: Memory Footprint =====
INSTRUCTION_CHUNKS (32B): 1180
INSTRUCTION_FOOTPRINT (bytes): 37760
DATA_CHUNKS (32B): 5694020
DATA_FOOTPRINT (bytes): 182208640
SINGLE_CHUNK_INSTRUCTIONS: 0.920013
MULTIPLE_CHUNK_INSTRUCTIONS: 0.0799865
SINGLE_DATA_CHUNK_ACCESSES: 0.849143
MULTIPLE_DATA_CHUNK_ACCESSES: 0.150857

===== PART D: ISA Properties =====

-- D1: Instruction Length Distribution --
LENGTH_1_BYTES: 76908840
LENGTH_2_BYTES: 442246665
LENGTH_3_BYTES: 398654817
LENGTH_4_BYTES: 16506344
LENGTH_5_BYTES: 3277725
LENGTH_6_BYTES: 40938711
LENGTH_7_BYTES: 17528236
LENGTH_8_BYTES: 3938662
LENGTH_9_BYTES: 0
LENGTH_10_BYTES: 0
LENGTH_11_BYTES: 0
LENGTH_12_BYTES: 0
LENGTH_13_BYTES: 0
LENGTH_14_BYTES: 0
LENGTH_15_BYTES: 0

-- D2: Operand Count Distribution --
OPERANDS_0: 11471
OPERANDS_1: 23
OPERANDS_2: 415479217
OPERANDS_3: 394886789
OPERANDS_4: 186386703
OPERANDS_5: 3235797
OPERANDS_6: 0
OPERANDS_7: 0

-- D3: Register Read Operand Distribution --
REG_READ_0: 23668532
REG_READ_1: 216024139
REG_READ_2: 576812999
REG_READ_3: 140942988
REG_READ_4: 42515010
REG_READ_5: 36332
REG_READ_6: 0
REG_READ_7: 0

-- D4: Register Write Operand Distribution --
REG_WRITE_0: 69709095
REG_WRITE_1: 765054010
REG_WRITE_2: 165236895
REG_WRITE_3: 0
REG_WRITE_4: 0
REG_WRITE_5: 0
REG_WRITE_6: 0
REG_WRITE_7: 0

-- D5: Memory Operand Distribution --
MEM_OPERANDS_0: 529935585
MEM_OPERANDS_1: 470064287
MEM_OPERANDS_2: 128
MEM_OPERANDS_3: 0
MEM_OPERANDS_4: 0
MEM_OPERANDS_5: 0
MEM_OPERANDS_6: 0
MEM_OPERANDS_7: 0

-- D6: Memory Read Operand Distribution --
MEM_READ_0: 582771191
MEM_READ_1: 417228809
MEM_READ_2: 0
MEM_READ_3: 0
MEM_READ_4: 0
MEM_READ_5: 0
MEM_READ_6: 0
MEM_READ_7: 0

-- D7: Memory Write Operand Distribution --
MEM_WRITE_0: 916237789
MEM_WRITE_1: 83762211
MEM_WRITE_2: 0
MEM_WRITE_3: 0
MEM_WRITE_4: 0
MEM_WRITE_5: 0
MEM_WRITE_6: 0
MEM_WRITE_7: 0

-- D8: Memory Bytes per Memory Instruction --
MAX_MEM_BYTES: 8
AVG_MEM_BYTES: 2.46773

-- D9: Immediate Field Values --
MAX_IMMEDIATE: 2147483647
MIN_IMMEDIATE: -1074790400

-- D10: Displacement Field Values --
MAX_DISPLACEMENT: 135856736
MIN_DISPLACEMENT: -344
