===== PART A: Instruction Mix =====
LOADS: 357436990 (23.6275%)
STORES: 155774956 (10.2971%)
NOPS: 26112489 (1.7261%)
DIRECT_CALLS: 11530299 (0.762183%)
INDIRECT_CALLS: 8838388 (0.58424%)
RETURNS: 20372746 (1.34669%)
UNCONDITIONAL_BR: 7564639 (0.500042%)
CONDITIONAL_BR: 191230020 (12.6408%)
LOGICAL: 34154916 (2.25773%)
ROTATE_AND_SHIFT: 4926457 (0.325652%)
FLAG_OP: 1448098 (0.095723%)
VECTOR: 0 (0%)
CONDITIONAL_MOVE: 0 (0%)
MMX_SSE: 0 (0%)
SYSCALL: 0 (0%)
FLOATING_POINT: 6322761 (0.417951%)
OTHERS: 687087513 (45.4183%)
TOTAL: 1512800272

===== PART B: CPI =====
TOTAL_CYCLES: 36924424546
TOTAL_INSTRUCTIONS: 1512800272
CPI: 24.408

===== PART C: Memory Footprint =====
INSTRUCTION_CHUNKS (32B): 2286
INSTRUCTION_FOOTPRINT (bytes): 73152
DATA_CHUNKS (32B): 890839
DATA_FOOTPRINT (bytes): 28506848
SINGLE_CHUNK_INSTRUCTIONS: 0.933089
MULTIPLE_CHUNK_INSTRUCTIONS: 0.0669113
SINGLE_DATA_CHUNK_ACCESSES: 0.88601
MULTIPLE_DATA_CHUNK_ACCESSES: 0.11399

===== PART D: ISA Properties =====

-- D1: Instruction Length Distribution --
LENGTH_1_BYTES: 143612757
LENGTH_2_BYTES: 332671065
LENGTH_3_BYTES: 445804190
LENGTH_4_BYTES: 28414136
LENGTH_5_BYTES: 21378395
LENGTH_6_BYTES: 21063253
LENGTH_7_BYTES: 6718936
LENGTH_8_BYTES: 229735
LENGTH_9_BYTES: 51390
LENGTH_10_BYTES: 56143
LENGTH_11_BYTES: 0
LENGTH_12_BYTES: 0
LENGTH_13_BYTES: 0
LENGTH_14_BYTES: 0
LENGTH_15_BYTES: 0

-- D2: Operand Count Distribution --
OPERANDS_0: 26112489
OPERANDS_1: 648405
OPERANDS_2: 409723397
OPERANDS_3: 432925374
OPERANDS_4: 91910243
OPERANDS_5: 22067590
OPERANDS_6: 16612502
OPERANDS_7: 0

-- D3: Register Read Operand Distribution --
REG_READ_0: 32925875
REG_READ_1: 245145155
REG_READ_2: 446314783
REG_READ_3: 249204346
REG_READ_4: 1061554
REG_READ_5: 8735785
REG_READ_6: 16612502
REG_READ_7: 0

-- D4: Register Write Operand Distribution --
REG_WRITE_0: 109059576
REG_WRITE_1: 695140656
REG_WRITE_2: 179185311
REG_WRITE_3: 16614457
REG_WRITE_4: 0
REG_WRITE_5: 0
REG_WRITE_6: 0
REG_WRITE_7: 0

-- D5: Memory Operand Distribution --
MEM_OPERANDS_0: 517109651
MEM_OPERANDS_1: 457556123
MEM_OPERANDS_2: 24922552
MEM_OPERANDS_3: 0
MEM_OPERANDS_4: 0
MEM_OPERANDS_5: 0
MEM_OPERANDS_6: 0
MEM_OPERANDS_7: 0

-- D6: Memory Read Operand Distribution --
MEM_READ_0: 644175082
MEM_READ_1: 355413244
MEM_READ_2: 0
MEM_READ_3: 0
MEM_READ_4: 0
MEM_READ_5: 0
MEM_READ_6: 0
MEM_READ_7: 0

-- D7: Memory Write Operand Distribution --
MEM_WRITE_0: 844800696
MEM_WRITE_1: 154787630
MEM_WRITE_2: 0
MEM_WRITE_3: 0
MEM_WRITE_4: 0
MEM_WRITE_5: 0
MEM_WRITE_6: 0
MEM_WRITE_7: 0

-- D8: Memory Bytes per Memory Instruction --
MAX_MEM_BYTES: 8
AVG_MEM_BYTES: 2.01716

-- D9: Immediate Field Values --
MAX_IMMEDIATE: 2147483647
MIN_IMMEDIATE: -1431655765

-- D10: Displacement Field Values --
MAX_DISPLACEMENT: 139657912
MIN_DISPLACEMENT: -1392
