===== PART A: Instruction Mix =====
LOADS: 204672 (25.0632%)
STORES: 96781 (11.8513%)
NOPS: 106 (0.0129803%)
DIRECT_CALLS: 2077 (0.25434%)
INDIRECT_CALLS: 249 (0.0304914%)
RETURNS: 2321 (0.284219%)
UNCONDITIONAL_BR: 3135 (0.383897%)
CONDITIONAL_BR: 99301 (12.1599%)
LOGICAL: 36677 (4.49129%)
ROTATE_AND_SHIFT: 8233 (1.00817%)
FLAG_OP: 0 (0%)
VECTOR: 202 (0.024736%)
CONDITIONAL_MOVE: 378 (0.0462881%)
MMX_SSE: 4171 (0.510761%)
SYSCALL: 58 (0.0071024%)
FLOATING_POINT: 0 (0%)
OTHERS: 358264 (43.8713%)
TOTAL: 816625

===== PART B: CPI =====
TOTAL_CYCLES: 2022437
TOTAL_INSTRUCTIONS: 816625
CPI: 2.47658
Total Run Time(in clock cycles): 2.02244e+06

===== PART C: Memory Footprint =====
INSTRUCTION_CHUNKS (32B): 2658
INSTRUCTION_FOOTPRINT (bytes): 85056
DATA_CHUNKS (32B): 27920
DATA_FOOTPRINT (bytes): 893440
SINGLE_CHUNK_INSTRUCTIONS: 0.869081
MULTIPLE_CHUNK_INSTRUCTIONS: 0.130919
SINGLE_DATA_CHUNK_ACCESSES: 0.795472
MULTIPLE_DATA_CHUNK_ACCESSES: 0.204528

===== PART D: ISA Properties =====

-- D1: Instruction Length Distribution --
LENGTH_1_BYTES: 9513
LENGTH_2_BYTES: 88904
LENGTH_3_BYTES: 144659
LENGTH_4_BYTES: 138592
LENGTH_5_BYTES: 63681
LENGTH_6_BYTES: 44393
LENGTH_7_BYTES: 15711
LENGTH_8_BYTES: 6118
LENGTH_9_BYTES: 1409
LENGTH_10_BYTES: 644
LENGTH_11_BYTES: 1083
LENGTH_12_BYTES: 756
LENGTH_13_BYTES: 0
LENGTH_14_BYTES: 0
LENGTH_15_BYTES: 0
LENGTH_16_BYTES: 0
LENGTH_17_BYTES: 0
LENGTH_18_BYTES: 0
LENGTH_19_BYTES: 0
LENGTH_20_BYTES: 0
LENGTH_21_BYTES: 0
LENGTH_22_BYTES: 0
LENGTH_23_BYTES: 0
LENGTH_24_BYTES: 0
LENGTH_25_BYTES: 0
LENGTH_26_BYTES: 0
LENGTH_27_BYTES: 0
LENGTH_28_BYTES: 0
LENGTH_29_BYTES: 0
LENGTH_30_BYTES: 0
LENGTH_31_BYTES: 0
LENGTH_32_BYTES: 0
LENGTH_33_BYTES: 0
LENGTH_34_BYTES: 0
LENGTH_35_BYTES: 0
LENGTH_36_BYTES: 0
LENGTH_37_BYTES: 0
LENGTH_38_BYTES: 0
LENGTH_39_BYTES: 0
LENGTH_40_BYTES: 0
LENGTH_41_BYTES: 0
LENGTH_42_BYTES: 0
LENGTH_43_BYTES: 0
LENGTH_44_BYTES: 0
LENGTH_45_BYTES: 0
LENGTH_46_BYTES: 0
LENGTH_47_BYTES: 0
LENGTH_48_BYTES: 0
LENGTH_49_BYTES: 0
LENGTH_50_BYTES: 0
LENGTH_51_BYTES: 0
LENGTH_52_BYTES: 0
LENGTH_53_BYTES: 0
LENGTH_54_BYTES: 0
LENGTH_55_BYTES: 0
LENGTH_56_BYTES: 0
LENGTH_57_BYTES: 0
LENGTH_58_BYTES: 0
LENGTH_59_BYTES: 0
LENGTH_60_BYTES: 0
LENGTH_61_BYTES: 0
LENGTH_62_BYTES: 0
LENGTH_63_BYTES: 0
LENGTH_64_BYTES: 0
LENGTH_65_BYTES: 0
LENGTH_66_BYTES: 0
LENGTH_67_BYTES: 0
LENGTH_68_BYTES: 0
LENGTH_69_BYTES: 0
LENGTH_70_BYTES: 0
LENGTH_71_BYTES: 0
LENGTH_72_BYTES: 0
LENGTH_73_BYTES: 0
LENGTH_74_BYTES: 0
LENGTH_75_BYTES: 0
LENGTH_76_BYTES: 0
LENGTH_77_BYTES: 0
LENGTH_78_BYTES: 0
LENGTH_79_BYTES: 0
LENGTH_80_BYTES: 0
LENGTH_81_BYTES: 0
LENGTH_82_BYTES: 0
LENGTH_83_BYTES: 0
LENGTH_84_BYTES: 0
LENGTH_85_BYTES: 0
LENGTH_86_BYTES: 0
LENGTH_87_BYTES: 0
LENGTH_88_BYTES: 0
LENGTH_89_BYTES: 0
LENGTH_90_BYTES: 0
LENGTH_91_BYTES: 0
LENGTH_92_BYTES: 0
LENGTH_93_BYTES: 0
LENGTH_94_BYTES: 0
LENGTH_95_BYTES: 0
LENGTH_96_BYTES: 0
LENGTH_97_BYTES: 0
LENGTH_98_BYTES: 0
LENGTH_99_BYTES: 0
LENGTH_100_BYTES: 0
LENGTH_101_BYTES: 0
LENGTH_102_BYTES: 0
LENGTH_103_BYTES: 0
LENGTH_104_BYTES: 0
LENGTH_105_BYTES: 0
LENGTH_106_BYTES: 0
LENGTH_107_BYTES: 0
LENGTH_108_BYTES: 0
LENGTH_109_BYTES: 0
LENGTH_110_BYTES: 0
LENGTH_111_BYTES: 0
LENGTH_112_BYTES: 0
LENGTH_113_BYTES: 0
LENGTH_114_BYTES: 0
LENGTH_115_BYTES: 0
LENGTH_116_BYTES: 0
LENGTH_117_BYTES: 0
LENGTH_118_BYTES: 0
LENGTH_119_BYTES: 0
LENGTH_120_BYTES: 0
LENGTH_121_BYTES: 0
LENGTH_122_BYTES: 0
LENGTH_123_BYTES: 0
LENGTH_124_BYTES: 0
LENGTH_125_BYTES: 0
LENGTH_126_BYTES: 0
LENGTH_127_BYTES: 0
LENGTH_128_BYTES: 0
LENGTH_129_BYTES: 0
LENGTH_130_BYTES: 0
LENGTH_131_BYTES: 0
LENGTH_132_BYTES: 0
LENGTH_133_BYTES: 0
LENGTH_134_BYTES: 0
LENGTH_135_BYTES: 0
LENGTH_136_BYTES: 0
LENGTH_137_BYTES: 0
LENGTH_138_BYTES: 0
LENGTH_139_BYTES: 0
LENGTH_140_BYTES: 0
LENGTH_141_BYTES: 0
LENGTH_142_BYTES: 0
LENGTH_143_BYTES: 0
LENGTH_144_BYTES: 0
LENGTH_145_BYTES: 0
LENGTH_146_BYTES: 0
LENGTH_147_BYTES: 0
LENGTH_148_BYTES: 0
LENGTH_149_BYTES: 0
LENGTH_150_BYTES: 0
LENGTH_151_BYTES: 0
LENGTH_152_BYTES: 0
LENGTH_153_BYTES: 0
LENGTH_154_BYTES: 0
LENGTH_155_BYTES: 0
LENGTH_156_BYTES: 0
LENGTH_157_BYTES: 0
LENGTH_158_BYTES: 0
LENGTH_159_BYTES: 0
LENGTH_160_BYTES: 0
LENGTH_161_BYTES: 0
LENGTH_162_BYTES: 0
LENGTH_163_BYTES: 0
LENGTH_164_BYTES: 0
LENGTH_165_BYTES: 0
LENGTH_166_BYTES: 0
LENGTH_167_BYTES: 0
LENGTH_168_BYTES: 0
LENGTH_169_BYTES: 0
LENGTH_170_BYTES: 0
LENGTH_171_BYTES: 0
LENGTH_172_BYTES: 0
LENGTH_173_BYTES: 0
LENGTH_174_BYTES: 0
LENGTH_175_BYTES: 0
LENGTH_176_BYTES: 0
LENGTH_177_BYTES: 0
LENGTH_178_BYTES: 0
LENGTH_179_BYTES: 0
LENGTH_180_BYTES: 0
LENGTH_181_BYTES: 0
LENGTH_182_BYTES: 0
LENGTH_183_BYTES: 0
LENGTH_184_BYTES: 0
LENGTH_185_BYTES: 0
LENGTH_186_BYTES: 0
LENGTH_187_BYTES: 0
LENGTH_188_BYTES: 0
LENGTH_189_BYTES: 0
LENGTH_190_BYTES: 0
LENGTH_191_BYTES: 0
LENGTH_192_BYTES: 0
LENGTH_193_BYTES: 0
LENGTH_194_BYTES: 0
LENGTH_195_BYTES: 0
LENGTH_196_BYTES: 0
LENGTH_197_BYTES: 0
LENGTH_198_BYTES: 0
LENGTH_199_BYTES: 0
LENGTH_200_BYTES: 0
LENGTH_201_BYTES: 0
LENGTH_202_BYTES: 0
LENGTH_203_BYTES: 0
LENGTH_204_BYTES: 0
LENGTH_205_BYTES: 0
LENGTH_206_BYTES: 0
LENGTH_207_BYTES: 0
LENGTH_208_BYTES: 0
LENGTH_209_BYTES: 0
LENGTH_210_BYTES: 0
LENGTH_211_BYTES: 0
LENGTH_212_BYTES: 0
LENGTH_213_BYTES: 0
LENGTH_214_BYTES: 0
LENGTH_215_BYTES: 0
LENGTH_216_BYTES: 0
LENGTH_217_BYTES: 0
LENGTH_218_BYTES: 0
LENGTH_219_BYTES: 0
LENGTH_220_BYTES: 0
LENGTH_221_BYTES: 0
LENGTH_222_BYTES: 0
LENGTH_223_BYTES: 0
LENGTH_224_BYTES: 0
LENGTH_225_BYTES: 0
LENGTH_226_BYTES: 0
LENGTH_227_BYTES: 0
LENGTH_228_BYTES: 0
LENGTH_229_BYTES: 0
LENGTH_230_BYTES: 0
LENGTH_231_BYTES: 0
LENGTH_232_BYTES: 0
LENGTH_233_BYTES: 0
LENGTH_234_BYTES: 0
LENGTH_235_BYTES: 0
LENGTH_236_BYTES: 0
LENGTH_237_BYTES: 0
LENGTH_238_BYTES: 0
LENGTH_239_BYTES: 0
LENGTH_240_BYTES: 0
LENGTH_241_BYTES: 0
LENGTH_242_BYTES: 0
LENGTH_243_BYTES: 0
LENGTH_244_BYTES: 0
LENGTH_245_BYTES: 0
LENGTH_246_BYTES: 0
LENGTH_247_BYTES: 0
LENGTH_248_BYTES: 0
LENGTH_249_BYTES: 0
LENGTH_250_BYTES: 0
LENGTH_251_BYTES: 0
LENGTH_252_BYTES: 0
LENGTH_253_BYTES: 0
LENGTH_254_BYTES: 0
LENGTH_255_BYTES: 0

-- D2: Operand Count Distribution --
OPERANDS_0: 160
OPERANDS_1: 1101
OPERANDS_2: 188148
OPERANDS_3: 304196
OPERANDS_4: 19142
OPERANDS_5: 2716
OPERANDS_6: 0
OPERANDS_7: 0
OPERANDS_8: 0
OPERANDS_9: 0
OPERANDS_10: 0
OPERANDS_11: 0
OPERANDS_12: 0
OPERANDS_13: 0
OPERANDS_14: 0
OPERANDS_15: 0
OPERANDS_16: 0
OPERANDS_17: 0
OPERANDS_18: 0
OPERANDS_19: 0
OPERANDS_20: 0
OPERANDS_21: 0
OPERANDS_22: 0
OPERANDS_23: 0
OPERANDS_24: 0
OPERANDS_25: 0
OPERANDS_26: 0
OPERANDS_27: 0
OPERANDS_28: 0
OPERANDS_29: 0
OPERANDS_30: 0
OPERANDS_31: 0
OPERANDS_32: 0
OPERANDS_33: 0
OPERANDS_34: 0
OPERANDS_35: 0
OPERANDS_36: 0
OPERANDS_37: 0
OPERANDS_38: 0
OPERANDS_39: 0
OPERANDS_40: 0
OPERANDS_41: 0
OPERANDS_42: 0
OPERANDS_43: 0
OPERANDS_44: 0
OPERANDS_45: 0
OPERANDS_46: 0
OPERANDS_47: 0
OPERANDS_48: 0
OPERANDS_49: 0
OPERANDS_50: 0
OPERANDS_51: 0
OPERANDS_52: 0
OPERANDS_53: 0
OPERANDS_54: 0
OPERANDS_55: 0
OPERANDS_56: 0
OPERANDS_57: 0
OPERANDS_58: 0
OPERANDS_59: 0
OPERANDS_60: 0
OPERANDS_61: 0
OPERANDS_62: 0
OPERANDS_63: 0
OPERANDS_64: 0
OPERANDS_65: 0
OPERANDS_66: 0
OPERANDS_67: 0
OPERANDS_68: 0
OPERANDS_69: 0
OPERANDS_70: 0
OPERANDS_71: 0
OPERANDS_72: 0
OPERANDS_73: 0
OPERANDS_74: 0
OPERANDS_75: 0
OPERANDS_76: 0
OPERANDS_77: 0
OPERANDS_78: 0
OPERANDS_79: 0
OPERANDS_80: 0
OPERANDS_81: 0
OPERANDS_82: 0
OPERANDS_83: 0
OPERANDS_84: 0
OPERANDS_85: 0
OPERANDS_86: 0
OPERANDS_87: 0
OPERANDS_88: 0
OPERANDS_89: 0
OPERANDS_90: 0
OPERANDS_91: 0
OPERANDS_92: 0
OPERANDS_93: 0
OPERANDS_94: 0
OPERANDS_95: 0
OPERANDS_96: 0
OPERANDS_97: 0
OPERANDS_98: 0
OPERANDS_99: 0
OPERANDS_100: 0
OPERANDS_101: 0
OPERANDS_102: 0
OPERANDS_103: 0
OPERANDS_104: 0
OPERANDS_105: 0
OPERANDS_106: 0
OPERANDS_107: 0
OPERANDS_108: 0
OPERANDS_109: 0
OPERANDS_110: 0
OPERANDS_111: 0
OPERANDS_112: 0
OPERANDS_113: 0
OPERANDS_114: 0
OPERANDS_115: 0
OPERANDS_116: 0
OPERANDS_117: 0
OPERANDS_118: 0
OPERANDS_119: 0
OPERANDS_120: 0
OPERANDS_121: 0
OPERANDS_122: 0
OPERANDS_123: 0
OPERANDS_124: 0
OPERANDS_125: 0
OPERANDS_126: 0
OPERANDS_127: 0
OPERANDS_128: 0
OPERANDS_129: 0
OPERANDS_130: 0
OPERANDS_131: 0
OPERANDS_132: 0
OPERANDS_133: 0
OPERANDS_134: 0
OPERANDS_135: 0
OPERANDS_136: 0
OPERANDS_137: 0
OPERANDS_138: 0
OPERANDS_139: 0
OPERANDS_140: 0
OPERANDS_141: 0
OPERANDS_142: 0
OPERANDS_143: 0
OPERANDS_144: 0
OPERANDS_145: 0
OPERANDS_146: 0
OPERANDS_147: 0
OPERANDS_148: 0
OPERANDS_149: 0
OPERANDS_150: 0
OPERANDS_151: 0
OPERANDS_152: 0
OPERANDS_153: 0
OPERANDS_154: 0
OPERANDS_155: 0
OPERANDS_156: 0
OPERANDS_157: 0
OPERANDS_158: 0
OPERANDS_159: 0
OPERANDS_160: 0
OPERANDS_161: 0
OPERANDS_162: 0
OPERANDS_163: 0
OPERANDS_164: 0
OPERANDS_165: 0
OPERANDS_166: 0
OPERANDS_167: 0
OPERANDS_168: 0
OPERANDS_169: 0
OPERANDS_170: 0
OPERANDS_171: 0
OPERANDS_172: 0
OPERANDS_173: 0
OPERANDS_174: 0
OPERANDS_175: 0
OPERANDS_176: 0
OPERANDS_177: 0
OPERANDS_178: 0
OPERANDS_179: 0
OPERANDS_180: 0
OPERANDS_181: 0
OPERANDS_182: 0
OPERANDS_183: 0
OPERANDS_184: 0
OPERANDS_185: 0
OPERANDS_186: 0
OPERANDS_187: 0
OPERANDS_188: 0
OPERANDS_189: 0
OPERANDS_190: 0
OPERANDS_191: 0
OPERANDS_192: 0
OPERANDS_193: 0
OPERANDS_194: 0
OPERANDS_195: 0
OPERANDS_196: 0
OPERANDS_197: 0
OPERANDS_198: 0
OPERANDS_199: 0
OPERANDS_200: 0
OPERANDS_201: 0
OPERANDS_202: 0
OPERANDS_203: 0
OPERANDS_204: 0
OPERANDS_205: 0
OPERANDS_206: 0
OPERANDS_207: 0
OPERANDS_208: 0
OPERANDS_209: 0
OPERANDS_210: 0
OPERANDS_211: 0
OPERANDS_212: 0
OPERANDS_213: 0
OPERANDS_214: 0
OPERANDS_215: 0
OPERANDS_216: 0
OPERANDS_217: 0
OPERANDS_218: 0
OPERANDS_219: 0
OPERANDS_220: 0
OPERANDS_221: 0
OPERANDS_222: 0
OPERANDS_223: 0
OPERANDS_224: 0
OPERANDS_225: 0
OPERANDS_226: 0
OPERANDS_227: 0
OPERANDS_228: 0
OPERANDS_229: 0
OPERANDS_230: 0
OPERANDS_231: 0
OPERANDS_232: 0
OPERANDS_233: 0
OPERANDS_234: 0
OPERANDS_235: 0
OPERANDS_236: 0
OPERANDS_237: 0
OPERANDS_238: 0
OPERANDS_239: 0
OPERANDS_240: 0
OPERANDS_241: 0
OPERANDS_242: 0
OPERANDS_243: 0
OPERANDS_244: 0
OPERANDS_245: 0
OPERANDS_246: 0
OPERANDS_247: 0
OPERANDS_248: 0
OPERANDS_249: 0
OPERANDS_250: 0
OPERANDS_251: 0
OPERANDS_252: 0
OPERANDS_253: 0
OPERANDS_254: 0
OPERANDS_255: 0

-- D3: Register Read Operand Distribution --
REG_READ_0: 2806
REG_READ_1: 248459
REG_READ_2: 262869
REG_READ_3: 939
REG_READ_4: 390
REG_READ_5: 0
REG_READ_6: 0
REG_READ_7: 0
REG_READ_8: 0
REG_READ_9: 0
REG_READ_10: 0
REG_READ_11: 0
REG_READ_12: 0
REG_READ_13: 0
REG_READ_14: 0
REG_READ_15: 0
REG_READ_16: 0
REG_READ_17: 0
REG_READ_18: 0
REG_READ_19: 0
REG_READ_20: 0
REG_READ_21: 0
REG_READ_22: 0
REG_READ_23: 0
REG_READ_24: 0
REG_READ_25: 0
REG_READ_26: 0
REG_READ_27: 0
REG_READ_28: 0
REG_READ_29: 0
REG_READ_30: 0
REG_READ_31: 0
REG_READ_32: 0
REG_READ_33: 0
REG_READ_34: 0
REG_READ_35: 0
REG_READ_36: 0
REG_READ_37: 0
REG_READ_38: 0
REG_READ_39: 0
REG_READ_40: 0
REG_READ_41: 0
REG_READ_42: 0
REG_READ_43: 0
REG_READ_44: 0
REG_READ_45: 0
REG_READ_46: 0
REG_READ_47: 0
REG_READ_48: 0
REG_READ_49: 0
REG_READ_50: 0
REG_READ_51: 0
REG_READ_52: 0
REG_READ_53: 0
REG_READ_54: 0
REG_READ_55: 0
REG_READ_56: 0
REG_READ_57: 0
REG_READ_58: 0
REG_READ_59: 0
REG_READ_60: 0
REG_READ_61: 0
REG_READ_62: 0
REG_READ_63: 0
REG_READ_64: 0
REG_READ_65: 0
REG_READ_66: 0
REG_READ_67: 0
REG_READ_68: 0
REG_READ_69: 0
REG_READ_70: 0
REG_READ_71: 0
REG_READ_72: 0
REG_READ_73: 0
REG_READ_74: 0
REG_READ_75: 0
REG_READ_76: 0
REG_READ_77: 0
REG_READ_78: 0
REG_READ_79: 0
REG_READ_80: 0
REG_READ_81: 0
REG_READ_82: 0
REG_READ_83: 0
REG_READ_84: 0
REG_READ_85: 0
REG_READ_86: 0
REG_READ_87: 0
REG_READ_88: 0
REG_READ_89: 0
REG_READ_90: 0
REG_READ_91: 0
REG_READ_92: 0
REG_READ_93: 0
REG_READ_94: 0
REG_READ_95: 0
REG_READ_96: 0
REG_READ_97: 0
REG_READ_98: 0
REG_READ_99: 0
REG_READ_100: 0
REG_READ_101: 0
REG_READ_102: 0
REG_READ_103: 0
REG_READ_104: 0
REG_READ_105: 0
REG_READ_106: 0
REG_READ_107: 0
REG_READ_108: 0
REG_READ_109: 0
REG_READ_110: 0
REG_READ_111: 0
REG_READ_112: 0
REG_READ_113: 0
REG_READ_114: 0
REG_READ_115: 0
REG_READ_116: 0
REG_READ_117: 0
REG_READ_118: 0
REG_READ_119: 0
REG_READ_120: 0
REG_READ_121: 0
REG_READ_122: 0
REG_READ_123: 0
REG_READ_124: 0
REG_READ_125: 0
REG_READ_126: 0
REG_READ_127: 0
REG_READ_128: 0
REG_READ_129: 0
REG_READ_130: 0
REG_READ_131: 0
REG_READ_132: 0
REG_READ_133: 0
REG_READ_134: 0
REG_READ_135: 0
REG_READ_136: 0
REG_READ_137: 0
REG_READ_138: 0
REG_READ_139: 0
REG_READ_140: 0
REG_READ_141: 0
REG_READ_142: 0
REG_READ_143: 0
REG_READ_144: 0
REG_READ_145: 0
REG_READ_146: 0
REG_READ_147: 0
REG_READ_148: 0
REG_READ_149: 0
REG_READ_150: 0
REG_READ_151: 0
REG_READ_152: 0
REG_READ_153: 0
REG_READ_154: 0
REG_READ_155: 0
REG_READ_156: 0
REG_READ_157: 0
REG_READ_158: 0
REG_READ_159: 0
REG_READ_160: 0
REG_READ_161: 0
REG_READ_162: 0
REG_READ_163: 0
REG_READ_164: 0
REG_READ_165: 0
REG_READ_166: 0
REG_READ_167: 0
REG_READ_168: 0
REG_READ_169: 0
REG_READ_170: 0
REG_READ_171: 0
REG_READ_172: 0
REG_READ_173: 0
REG_READ_174: 0
REG_READ_175: 0
REG_READ_176: 0
REG_READ_177: 0
REG_READ_178: 0
REG_READ_179: 0
REG_READ_180: 0
REG_READ_181: 0
REG_READ_182: 0
REG_READ_183: 0
REG_READ_184: 0
REG_READ_185: 0
REG_READ_186: 0
REG_READ_187: 0
REG_READ_188: 0
REG_READ_189: 0
REG_READ_190: 0
REG_READ_191: 0
REG_READ_192: 0
REG_READ_193: 0
REG_READ_194: 0
REG_READ_195: 0
REG_READ_196: 0
REG_READ_197: 0
REG_READ_198: 0
REG_READ_199: 0
REG_READ_200: 0
REG_READ_201: 0
REG_READ_202: 0
REG_READ_203: 0
REG_READ_204: 0
REG_READ_205: 0
REG_READ_206: 0
REG_READ_207: 0
REG_READ_208: 0
REG_READ_209: 0
REG_READ_210: 0
REG_READ_211: 0
REG_READ_212: 0
REG_READ_213: 0
REG_READ_214: 0
REG_READ_215: 0
REG_READ_216: 0
REG_READ_217: 0
REG_READ_218: 0
REG_READ_219: 0
REG_READ_220: 0
REG_READ_221: 0
REG_READ_222: 0
REG_READ_223: 0
REG_READ_224: 0
REG_READ_225: 0
REG_READ_226: 0
REG_READ_227: 0
REG_READ_228: 0
REG_READ_229: 0
REG_READ_230: 0
REG_READ_231: 0
REG_READ_232: 0
REG_READ_233: 0
REG_READ_234: 0
REG_READ_235: 0
REG_READ_236: 0
REG_READ_237: 0
REG_READ_238: 0
REG_READ_239: 0
REG_READ_240: 0
REG_READ_241: 0
REG_READ_242: 0
REG_READ_243: 0
REG_READ_244: 0
REG_READ_245: 0
REG_READ_246: 0
REG_READ_247: 0
REG_READ_248: 0
REG_READ_249: 0
REG_READ_250: 0
REG_READ_251: 0
REG_READ_252: 0
REG_READ_253: 0
REG_READ_254: 0
REG_READ_255: 0

-- D4: Register Write Operand Distribution --
REG_WRITE_0: 39211
REG_WRITE_1: 356677
REG_WRITE_2: 119164
REG_WRITE_3: 281
REG_WRITE_4: 130
REG_WRITE_5: 0
REG_WRITE_6: 0
REG_WRITE_7: 0
REG_WRITE_8: 0
REG_WRITE_9: 0
REG_WRITE_10: 0
REG_WRITE_11: 0
REG_WRITE_12: 0
REG_WRITE_13: 0
REG_WRITE_14: 0
REG_WRITE_15: 0
REG_WRITE_16: 0
REG_WRITE_17: 0
REG_WRITE_18: 0
REG_WRITE_19: 0
REG_WRITE_20: 0
REG_WRITE_21: 0
REG_WRITE_22: 0
REG_WRITE_23: 0
REG_WRITE_24: 0
REG_WRITE_25: 0
REG_WRITE_26: 0
REG_WRITE_27: 0
REG_WRITE_28: 0
REG_WRITE_29: 0
REG_WRITE_30: 0
REG_WRITE_31: 0
REG_WRITE_32: 0
REG_WRITE_33: 0
REG_WRITE_34: 0
REG_WRITE_35: 0
REG_WRITE_36: 0
REG_WRITE_37: 0
REG_WRITE_38: 0
REG_WRITE_39: 0
REG_WRITE_40: 0
REG_WRITE_41: 0
REG_WRITE_42: 0
REG_WRITE_43: 0
REG_WRITE_44: 0
REG_WRITE_45: 0
REG_WRITE_46: 0
REG_WRITE_47: 0
REG_WRITE_48: 0
REG_WRITE_49: 0
REG_WRITE_50: 0
REG_WRITE_51: 0
REG_WRITE_52: 0
REG_WRITE_53: 0
REG_WRITE_54: 0
REG_WRITE_55: 0
REG_WRITE_56: 0
REG_WRITE_57: 0
REG_WRITE_58: 0
REG_WRITE_59: 0
REG_WRITE_60: 0
REG_WRITE_61: 0
REG_WRITE_62: 0
REG_WRITE_63: 0
REG_WRITE_64: 0
REG_WRITE_65: 0
REG_WRITE_66: 0
REG_WRITE_67: 0
REG_WRITE_68: 0
REG_WRITE_69: 0
REG_WRITE_70: 0
REG_WRITE_71: 0
REG_WRITE_72: 0
REG_WRITE_73: 0
REG_WRITE_74: 0
REG_WRITE_75: 0
REG_WRITE_76: 0
REG_WRITE_77: 0
REG_WRITE_78: 0
REG_WRITE_79: 0
REG_WRITE_80: 0
REG_WRITE_81: 0
REG_WRITE_82: 0
REG_WRITE_83: 0
REG_WRITE_84: 0
REG_WRITE_85: 0
REG_WRITE_86: 0
REG_WRITE_87: 0
REG_WRITE_88: 0
REG_WRITE_89: 0
REG_WRITE_90: 0
REG_WRITE_91: 0
REG_WRITE_92: 0
REG_WRITE_93: 0
REG_WRITE_94: 0
REG_WRITE_95: 0
REG_WRITE_96: 0
REG_WRITE_97: 0
REG_WRITE_98: 0
REG_WRITE_99: 0
REG_WRITE_100: 0
REG_WRITE_101: 0
REG_WRITE_102: 0
REG_WRITE_103: 0
REG_WRITE_104: 0
REG_WRITE_105: 0
REG_WRITE_106: 0
REG_WRITE_107: 0
REG_WRITE_108: 0
REG_WRITE_109: 0
REG_WRITE_110: 0
REG_WRITE_111: 0
REG_WRITE_112: 0
REG_WRITE_113: 0
REG_WRITE_114: 0
REG_WRITE_115: 0
REG_WRITE_116: 0
REG_WRITE_117: 0
REG_WRITE_118: 0
REG_WRITE_119: 0
REG_WRITE_120: 0
REG_WRITE_121: 0
REG_WRITE_122: 0
REG_WRITE_123: 0
REG_WRITE_124: 0
REG_WRITE_125: 0
REG_WRITE_126: 0
REG_WRITE_127: 0
REG_WRITE_128: 0
REG_WRITE_129: 0
REG_WRITE_130: 0
REG_WRITE_131: 0
REG_WRITE_132: 0
REG_WRITE_133: 0
REG_WRITE_134: 0
REG_WRITE_135: 0
REG_WRITE_136: 0
REG_WRITE_137: 0
REG_WRITE_138: 0
REG_WRITE_139: 0
REG_WRITE_140: 0
REG_WRITE_141: 0
REG_WRITE_142: 0
REG_WRITE_143: 0
REG_WRITE_144: 0
REG_WRITE_145: 0
REG_WRITE_146: 0
REG_WRITE_147: 0
REG_WRITE_148: 0
REG_WRITE_149: 0
REG_WRITE_150: 0
REG_WRITE_151: 0
REG_WRITE_152: 0
REG_WRITE_153: 0
REG_WRITE_154: 0
REG_WRITE_155: 0
REG_WRITE_156: 0
REG_WRITE_157: 0
REG_WRITE_158: 0
REG_WRITE_159: 0
REG_WRITE_160: 0
REG_WRITE_161: 0
REG_WRITE_162: 0
REG_WRITE_163: 0
REG_WRITE_164: 0
REG_WRITE_165: 0
REG_WRITE_166: 0
REG_WRITE_167: 0
REG_WRITE_168: 0
REG_WRITE_169: 0
REG_WRITE_170: 0
REG_WRITE_171: 0
REG_WRITE_172: 0
REG_WRITE_173: 0
REG_WRITE_174: 0
REG_WRITE_175: 0
REG_WRITE_176: 0
REG_WRITE_177: 0
REG_WRITE_178: 0
REG_WRITE_179: 0
REG_WRITE_180: 0
REG_WRITE_181: 0
REG_WRITE_182: 0
REG_WRITE_183: 0
REG_WRITE_184: 0
REG_WRITE_185: 0
REG_WRITE_186: 0
REG_WRITE_187: 0
REG_WRITE_188: 0
REG_WRITE_189: 0
REG_WRITE_190: 0
REG_WRITE_191: 0
REG_WRITE_192: 0
REG_WRITE_193: 0
REG_WRITE_194: 0
REG_WRITE_195: 0
REG_WRITE_196: 0
REG_WRITE_197: 0
REG_WRITE_198: 0
REG_WRITE_199: 0
REG_WRITE_200: 0
REG_WRITE_201: 0
REG_WRITE_202: 0
REG_WRITE_203: 0
REG_WRITE_204: 0
REG_WRITE_205: 0
REG_WRITE_206: 0
REG_WRITE_207: 0
REG_WRITE_208: 0
REG_WRITE_209: 0
REG_WRITE_210: 0
REG_WRITE_211: 0
REG_WRITE_212: 0
REG_WRITE_213: 0
REG_WRITE_214: 0
REG_WRITE_215: 0
REG_WRITE_216: 0
REG_WRITE_217: 0
REG_WRITE_218: 0
REG_WRITE_219: 0
REG_WRITE_220: 0
REG_WRITE_221: 0
REG_WRITE_222: 0
REG_WRITE_223: 0
REG_WRITE_224: 0
REG_WRITE_225: 0
REG_WRITE_226: 0
REG_WRITE_227: 0
REG_WRITE_228: 0
REG_WRITE_229: 0
REG_WRITE_230: 0
REG_WRITE_231: 0
REG_WRITE_232: 0
REG_WRITE_233: 0
REG_WRITE_234: 0
REG_WRITE_235: 0
REG_WRITE_236: 0
REG_WRITE_237: 0
REG_WRITE_238: 0
REG_WRITE_239: 0
REG_WRITE_240: 0
REG_WRITE_241: 0
REG_WRITE_242: 0
REG_WRITE_243: 0
REG_WRITE_244: 0
REG_WRITE_245: 0
REG_WRITE_246: 0
REG_WRITE_247: 0
REG_WRITE_248: 0
REG_WRITE_249: 0
REG_WRITE_250: 0
REG_WRITE_251: 0
REG_WRITE_252: 0
REG_WRITE_253: 0
REG_WRITE_254: 0
REG_WRITE_255: 0

-- D5: Memory Operand Distribution --
MEM_OPERANDS_0: 344025
MEM_OPERANDS_1: 169768
MEM_OPERANDS_2: 1379
MEM_OPERANDS_3: 0
MEM_OPERANDS_4: 0
MEM_OPERANDS_5: 0
MEM_OPERANDS_6: 0
MEM_OPERANDS_7: 0
MEM_OPERANDS_8: 0
MEM_OPERANDS_9: 0
MEM_OPERANDS_10: 0
MEM_OPERANDS_11: 0
MEM_OPERANDS_12: 0
MEM_OPERANDS_13: 0
MEM_OPERANDS_14: 0
MEM_OPERANDS_15: 0
MEM_OPERANDS_16: 0
MEM_OPERANDS_17: 0
MEM_OPERANDS_18: 0
MEM_OPERANDS_19: 0
MEM_OPERANDS_20: 0
MEM_OPERANDS_21: 0
MEM_OPERANDS_22: 0
MEM_OPERANDS_23: 0
MEM_OPERANDS_24: 0
MEM_OPERANDS_25: 0
MEM_OPERANDS_26: 0
MEM_OPERANDS_27: 0
MEM_OPERANDS_28: 0
MEM_OPERANDS_29: 0
MEM_OPERANDS_30: 0
MEM_OPERANDS_31: 0
MEM_OPERANDS_32: 0
MEM_OPERANDS_33: 0
MEM_OPERANDS_34: 0
MEM_OPERANDS_35: 0
MEM_OPERANDS_36: 0
MEM_OPERANDS_37: 0
MEM_OPERANDS_38: 0
MEM_OPERANDS_39: 0
MEM_OPERANDS_40: 0
MEM_OPERANDS_41: 0
MEM_OPERANDS_42: 0
MEM_OPERANDS_43: 0
MEM_OPERANDS_44: 0
MEM_OPERANDS_45: 0
MEM_OPERANDS_46: 0
MEM_OPERANDS_47: 0
MEM_OPERANDS_48: 0
MEM_OPERANDS_49: 0
MEM_OPERANDS_50: 0
MEM_OPERANDS_51: 0
MEM_OPERANDS_52: 0
MEM_OPERANDS_53: 0
MEM_OPERANDS_54: 0
MEM_OPERANDS_55: 0
MEM_OPERANDS_56: 0
MEM_OPERANDS_57: 0
MEM_OPERANDS_58: 0
MEM_OPERANDS_59: 0
MEM_OPERANDS_60: 0
MEM_OPERANDS_61: 0
MEM_OPERANDS_62: 0
MEM_OPERANDS_63: 0
MEM_OPERANDS_64: 0
MEM_OPERANDS_65: 0
MEM_OPERANDS_66: 0
MEM_OPERANDS_67: 0
MEM_OPERANDS_68: 0
MEM_OPERANDS_69: 0
MEM_OPERANDS_70: 0
MEM_OPERANDS_71: 0
MEM_OPERANDS_72: 0
MEM_OPERANDS_73: 0
MEM_OPERANDS_74: 0
MEM_OPERANDS_75: 0
MEM_OPERANDS_76: 0
MEM_OPERANDS_77: 0
MEM_OPERANDS_78: 0
MEM_OPERANDS_79: 0
MEM_OPERANDS_80: 0
MEM_OPERANDS_81: 0
MEM_OPERANDS_82: 0
MEM_OPERANDS_83: 0
MEM_OPERANDS_84: 0
MEM_OPERANDS_85: 0
MEM_OPERANDS_86: 0
MEM_OPERANDS_87: 0
MEM_OPERANDS_88: 0
MEM_OPERANDS_89: 0
MEM_OPERANDS_90: 0
MEM_OPERANDS_91: 0
MEM_OPERANDS_92: 0
MEM_OPERANDS_93: 0
MEM_OPERANDS_94: 0
MEM_OPERANDS_95: 0
MEM_OPERANDS_96: 0
MEM_OPERANDS_97: 0
MEM_OPERANDS_98: 0
MEM_OPERANDS_99: 0
MEM_OPERANDS_100: 0
MEM_OPERANDS_101: 0
MEM_OPERANDS_102: 0
MEM_OPERANDS_103: 0
MEM_OPERANDS_104: 0
MEM_OPERANDS_105: 0
MEM_OPERANDS_106: 0
MEM_OPERANDS_107: 0
MEM_OPERANDS_108: 0
MEM_OPERANDS_109: 0
MEM_OPERANDS_110: 0
MEM_OPERANDS_111: 0
MEM_OPERANDS_112: 0
MEM_OPERANDS_113: 0
MEM_OPERANDS_114: 0
MEM_OPERANDS_115: 0
MEM_OPERANDS_116: 0
MEM_OPERANDS_117: 0
MEM_OPERANDS_118: 0
MEM_OPERANDS_119: 0
MEM_OPERANDS_120: 0
MEM_OPERANDS_121: 0
MEM_OPERANDS_122: 0
MEM_OPERANDS_123: 0
MEM_OPERANDS_124: 0
MEM_OPERANDS_125: 0
MEM_OPERANDS_126: 0
MEM_OPERANDS_127: 0
MEM_OPERANDS_128: 0
MEM_OPERANDS_129: 0
MEM_OPERANDS_130: 0
MEM_OPERANDS_131: 0
MEM_OPERANDS_132: 0
MEM_OPERANDS_133: 0
MEM_OPERANDS_134: 0
MEM_OPERANDS_135: 0
MEM_OPERANDS_136: 0
MEM_OPERANDS_137: 0
MEM_OPERANDS_138: 0
MEM_OPERANDS_139: 0
MEM_OPERANDS_140: 0
MEM_OPERANDS_141: 0
MEM_OPERANDS_142: 0
MEM_OPERANDS_143: 0
MEM_OPERANDS_144: 0
MEM_OPERANDS_145: 0
MEM_OPERANDS_146: 0
MEM_OPERANDS_147: 0
MEM_OPERANDS_148: 0
MEM_OPERANDS_149: 0
MEM_OPERANDS_150: 0
MEM_OPERANDS_151: 0
MEM_OPERANDS_152: 0
MEM_OPERANDS_153: 0
MEM_OPERANDS_154: 0
MEM_OPERANDS_155: 0
MEM_OPERANDS_156: 0
MEM_OPERANDS_157: 0
MEM_OPERANDS_158: 0
MEM_OPERANDS_159: 0
MEM_OPERANDS_160: 0
MEM_OPERANDS_161: 0
MEM_OPERANDS_162: 0
MEM_OPERANDS_163: 0
MEM_OPERANDS_164: 0
MEM_OPERANDS_165: 0
MEM_OPERANDS_166: 0
MEM_OPERANDS_167: 0
MEM_OPERANDS_168: 0
MEM_OPERANDS_169: 0
MEM_OPERANDS_170: 0
MEM_OPERANDS_171: 0
MEM_OPERANDS_172: 0
MEM_OPERANDS_173: 0
MEM_OPERANDS_174: 0
MEM_OPERANDS_175: 0
MEM_OPERANDS_176: 0
MEM_OPERANDS_177: 0
MEM_OPERANDS_178: 0
MEM_OPERANDS_179: 0
MEM_OPERANDS_180: 0
MEM_OPERANDS_181: 0
MEM_OPERANDS_182: 0
MEM_OPERANDS_183: 0
MEM_OPERANDS_184: 0
MEM_OPERANDS_185: 0
MEM_OPERANDS_186: 0
MEM_OPERANDS_187: 0
MEM_OPERANDS_188: 0
MEM_OPERANDS_189: 0
MEM_OPERANDS_190: 0
MEM_OPERANDS_191: 0
MEM_OPERANDS_192: 0
MEM_OPERANDS_193: 0
MEM_OPERANDS_194: 0
MEM_OPERANDS_195: 0
MEM_OPERANDS_196: 0
MEM_OPERANDS_197: 0
MEM_OPERANDS_198: 0
MEM_OPERANDS_199: 0
MEM_OPERANDS_200: 0
MEM_OPERANDS_201: 0
MEM_OPERANDS_202: 0
MEM_OPERANDS_203: 0
MEM_OPERANDS_204: 0
MEM_OPERANDS_205: 0
MEM_OPERANDS_206: 0
MEM_OPERANDS_207: 0
MEM_OPERANDS_208: 0
MEM_OPERANDS_209: 0
MEM_OPERANDS_210: 0
MEM_OPERANDS_211: 0
MEM_OPERANDS_212: 0
MEM_OPERANDS_213: 0
MEM_OPERANDS_214: 0
MEM_OPERANDS_215: 0
MEM_OPERANDS_216: 0
MEM_OPERANDS_217: 0
MEM_OPERANDS_218: 0
MEM_OPERANDS_219: 0
MEM_OPERANDS_220: 0
MEM_OPERANDS_221: 0
MEM_OPERANDS_222: 0
MEM_OPERANDS_223: 0
MEM_OPERANDS_224: 0
MEM_OPERANDS_225: 0
MEM_OPERANDS_226: 0
MEM_OPERANDS_227: 0
MEM_OPERANDS_228: 0
MEM_OPERANDS_229: 0
MEM_OPERANDS_230: 0
MEM_OPERANDS_231: 0
MEM_OPERANDS_232: 0
MEM_OPERANDS_233: 0
MEM_OPERANDS_234: 0
MEM_OPERANDS_235: 0
MEM_OPERANDS_236: 0
MEM_OPERANDS_237: 0
MEM_OPERANDS_238: 0
MEM_OPERANDS_239: 0
MEM_OPERANDS_240: 0
MEM_OPERANDS_241: 0
MEM_OPERANDS_242: 0
MEM_OPERANDS_243: 0
MEM_OPERANDS_244: 0
MEM_OPERANDS_245: 0
MEM_OPERANDS_246: 0
MEM_OPERANDS_247: 0
MEM_OPERANDS_248: 0
MEM_OPERANDS_249: 0
MEM_OPERANDS_250: 0
MEM_OPERANDS_251: 0
MEM_OPERANDS_252: 0
MEM_OPERANDS_253: 0
MEM_OPERANDS_254: 0
MEM_OPERANDS_255: 0

-- D6: Memory Read Operand Distribution --
MEM_READ_0: 390821
MEM_READ_1: 124351
MEM_READ_2: 0
MEM_READ_3: 0
MEM_READ_4: 0
MEM_READ_5: 0
MEM_READ_6: 0
MEM_READ_7: 0
MEM_READ_8: 0
MEM_READ_9: 0
MEM_READ_10: 0
MEM_READ_11: 0
MEM_READ_12: 0
MEM_READ_13: 0
MEM_READ_14: 0
MEM_READ_15: 0
MEM_READ_16: 0
MEM_READ_17: 0
MEM_READ_18: 0
MEM_READ_19: 0
MEM_READ_20: 0
MEM_READ_21: 0
MEM_READ_22: 0
MEM_READ_23: 0
MEM_READ_24: 0
MEM_READ_25: 0
MEM_READ_26: 0
MEM_READ_27: 0
MEM_READ_28: 0
MEM_READ_29: 0
MEM_READ_30: 0
MEM_READ_31: 0
MEM_READ_32: 0
MEM_READ_33: 0
MEM_READ_34: 0
MEM_READ_35: 0
MEM_READ_36: 0
MEM_READ_37: 0
MEM_READ_38: 0
MEM_READ_39: 0
MEM_READ_40: 0
MEM_READ_41: 0
MEM_READ_42: 0
MEM_READ_43: 0
MEM_READ_44: 0
MEM_READ_45: 0
MEM_READ_46: 0
MEM_READ_47: 0
MEM_READ_48: 0
MEM_READ_49: 0
MEM_READ_50: 0
MEM_READ_51: 0
MEM_READ_52: 0
MEM_READ_53: 0
MEM_READ_54: 0
MEM_READ_55: 0
MEM_READ_56: 0
MEM_READ_57: 0
MEM_READ_58: 0
MEM_READ_59: 0
MEM_READ_60: 0
MEM_READ_61: 0
MEM_READ_62: 0
MEM_READ_63: 0
MEM_READ_64: 0
MEM_READ_65: 0
MEM_READ_66: 0
MEM_READ_67: 0
MEM_READ_68: 0
MEM_READ_69: 0
MEM_READ_70: 0
MEM_READ_71: 0
MEM_READ_72: 0
MEM_READ_73: 0
MEM_READ_74: 0
MEM_READ_75: 0
MEM_READ_76: 0
MEM_READ_77: 0
MEM_READ_78: 0
MEM_READ_79: 0
MEM_READ_80: 0
MEM_READ_81: 0
MEM_READ_82: 0
MEM_READ_83: 0
MEM_READ_84: 0
MEM_READ_85: 0
MEM_READ_86: 0
MEM_READ_87: 0
MEM_READ_88: 0
MEM_READ_89: 0
MEM_READ_90: 0
MEM_READ_91: 0
MEM_READ_92: 0
MEM_READ_93: 0
MEM_READ_94: 0
MEM_READ_95: 0
MEM_READ_96: 0
MEM_READ_97: 0
MEM_READ_98: 0
MEM_READ_99: 0
MEM_READ_100: 0
MEM_READ_101: 0
MEM_READ_102: 0
MEM_READ_103: 0
MEM_READ_104: 0
MEM_READ_105: 0
MEM_READ_106: 0
MEM_READ_107: 0
MEM_READ_108: 0
MEM_READ_109: 0
MEM_READ_110: 0
MEM_READ_111: 0
MEM_READ_112: 0
MEM_READ_113: 0
MEM_READ_114: 0
MEM_READ_115: 0
MEM_READ_116: 0
MEM_READ_117: 0
MEM_READ_118: 0
MEM_READ_119: 0
MEM_READ_120: 0
MEM_READ_121: 0
MEM_READ_122: 0
MEM_READ_123: 0
MEM_READ_124: 0
MEM_READ_125: 0
MEM_READ_126: 0
MEM_READ_127: 0
MEM_READ_128: 0
MEM_READ_129: 0
MEM_READ_130: 0
MEM_READ_131: 0
MEM_READ_132: 0
MEM_READ_133: 0
MEM_READ_134: 0
MEM_READ_135: 0
MEM_READ_136: 0
MEM_READ_137: 0
MEM_READ_138: 0
MEM_READ_139: 0
MEM_READ_140: 0
MEM_READ_141: 0
MEM_READ_142: 0
MEM_READ_143: 0
MEM_READ_144: 0
MEM_READ_145: 0
MEM_READ_146: 0
MEM_READ_147: 0
MEM_READ_148: 0
MEM_READ_149: 0
MEM_READ_150: 0
MEM_READ_151: 0
MEM_READ_152: 0
MEM_READ_153: 0
MEM_READ_154: 0
MEM_READ_155: 0
MEM_READ_156: 0
MEM_READ_157: 0
MEM_READ_158: 0
MEM_READ_159: 0
MEM_READ_160: 0
MEM_READ_161: 0
MEM_READ_162: 0
MEM_READ_163: 0
MEM_READ_164: 0
MEM_READ_165: 0
MEM_READ_166: 0
MEM_READ_167: 0
MEM_READ_168: 0
MEM_READ_169: 0
MEM_READ_170: 0
MEM_READ_171: 0
MEM_READ_172: 0
MEM_READ_173: 0
MEM_READ_174: 0
MEM_READ_175: 0
MEM_READ_176: 0
MEM_READ_177: 0
MEM_READ_178: 0
MEM_READ_179: 0
MEM_READ_180: 0
MEM_READ_181: 0
MEM_READ_182: 0
MEM_READ_183: 0
MEM_READ_184: 0
MEM_READ_185: 0
MEM_READ_186: 0
MEM_READ_187: 0
MEM_READ_188: 0
MEM_READ_189: 0
MEM_READ_190: 0
MEM_READ_191: 0
MEM_READ_192: 0
MEM_READ_193: 0
MEM_READ_194: 0
MEM_READ_195: 0
MEM_READ_196: 0
MEM_READ_197: 0
MEM_READ_198: 0
MEM_READ_199: 0
MEM_READ_200: 0
MEM_READ_201: 0
MEM_READ_202: 0
MEM_READ_203: 0
MEM_READ_204: 0
MEM_READ_205: 0
MEM_READ_206: 0
MEM_READ_207: 0
MEM_READ_208: 0
MEM_READ_209: 0
MEM_READ_210: 0
MEM_READ_211: 0
MEM_READ_212: 0
MEM_READ_213: 0
MEM_READ_214: 0
MEM_READ_215: 0
MEM_READ_216: 0
MEM_READ_217: 0
MEM_READ_218: 0
MEM_READ_219: 0
MEM_READ_220: 0
MEM_READ_221: 0
MEM_READ_222: 0
MEM_READ_223: 0
MEM_READ_224: 0
MEM_READ_225: 0
MEM_READ_226: 0
MEM_READ_227: 0
MEM_READ_228: 0
MEM_READ_229: 0
MEM_READ_230: 0
MEM_READ_231: 0
MEM_READ_232: 0
MEM_READ_233: 0
MEM_READ_234: 0
MEM_READ_235: 0
MEM_READ_236: 0
MEM_READ_237: 0
MEM_READ_238: 0
MEM_READ_239: 0
MEM_READ_240: 0
MEM_READ_241: 0
MEM_READ_242: 0
MEM_READ_243: 0
MEM_READ_244: 0
MEM_READ_245: 0
MEM_READ_246: 0
MEM_READ_247: 0
MEM_READ_248: 0
MEM_READ_249: 0
MEM_READ_250: 0
MEM_READ_251: 0
MEM_READ_252: 0
MEM_READ_253: 0
MEM_READ_254: 0
MEM_READ_255: 0

-- D7: Memory Write Operand Distribution --
MEM_WRITE_0: 466378
MEM_WRITE_1: 48794
MEM_WRITE_2: 0
MEM_WRITE_3: 0
MEM_WRITE_4: 0
MEM_WRITE_5: 0
MEM_WRITE_6: 0
MEM_WRITE_7: 0
MEM_WRITE_8: 0
MEM_WRITE_9: 0
MEM_WRITE_10: 0
MEM_WRITE_11: 0
MEM_WRITE_12: 0
MEM_WRITE_13: 0
MEM_WRITE_14: 0
MEM_WRITE_15: 0
MEM_WRITE_16: 0
MEM_WRITE_17: 0
MEM_WRITE_18: 0
MEM_WRITE_19: 0
MEM_WRITE_20: 0
MEM_WRITE_21: 0
MEM_WRITE_22: 0
MEM_WRITE_23: 0
MEM_WRITE_24: 0
MEM_WRITE_25: 0
MEM_WRITE_26: 0
MEM_WRITE_27: 0
MEM_WRITE_28: 0
MEM_WRITE_29: 0
MEM_WRITE_30: 0
MEM_WRITE_31: 0
MEM_WRITE_32: 0
MEM_WRITE_33: 0
MEM_WRITE_34: 0
MEM_WRITE_35: 0
MEM_WRITE_36: 0
MEM_WRITE_37: 0
MEM_WRITE_38: 0
MEM_WRITE_39: 0
MEM_WRITE_40: 0
MEM_WRITE_41: 0
MEM_WRITE_42: 0
MEM_WRITE_43: 0
MEM_WRITE_44: 0
MEM_WRITE_45: 0
MEM_WRITE_46: 0
MEM_WRITE_47: 0
MEM_WRITE_48: 0
MEM_WRITE_49: 0
MEM_WRITE_50: 0
MEM_WRITE_51: 0
MEM_WRITE_52: 0
MEM_WRITE_53: 0
MEM_WRITE_54: 0
MEM_WRITE_55: 0
MEM_WRITE_56: 0
MEM_WRITE_57: 0
MEM_WRITE_58: 0
MEM_WRITE_59: 0
MEM_WRITE_60: 0
MEM_WRITE_61: 0
MEM_WRITE_62: 0
MEM_WRITE_63: 0
MEM_WRITE_64: 0
MEM_WRITE_65: 0
MEM_WRITE_66: 0
MEM_WRITE_67: 0
MEM_WRITE_68: 0
MEM_WRITE_69: 0
MEM_WRITE_70: 0
MEM_WRITE_71: 0
MEM_WRITE_72: 0
MEM_WRITE_73: 0
MEM_WRITE_74: 0
MEM_WRITE_75: 0
MEM_WRITE_76: 0
MEM_WRITE_77: 0
MEM_WRITE_78: 0
MEM_WRITE_79: 0
MEM_WRITE_80: 0
MEM_WRITE_81: 0
MEM_WRITE_82: 0
MEM_WRITE_83: 0
MEM_WRITE_84: 0
MEM_WRITE_85: 0
MEM_WRITE_86: 0
MEM_WRITE_87: 0
MEM_WRITE_88: 0
MEM_WRITE_89: 0
MEM_WRITE_90: 0
MEM_WRITE_91: 0
MEM_WRITE_92: 0
MEM_WRITE_93: 0
MEM_WRITE_94: 0
MEM_WRITE_95: 0
MEM_WRITE_96: 0
MEM_WRITE_97: 0
MEM_WRITE_98: 0
MEM_WRITE_99: 0
MEM_WRITE_100: 0
MEM_WRITE_101: 0
MEM_WRITE_102: 0
MEM_WRITE_103: 0
MEM_WRITE_104: 0
MEM_WRITE_105: 0
MEM_WRITE_106: 0
MEM_WRITE_107: 0
MEM_WRITE_108: 0
MEM_WRITE_109: 0
MEM_WRITE_110: 0
MEM_WRITE_111: 0
MEM_WRITE_112: 0
MEM_WRITE_113: 0
MEM_WRITE_114: 0
MEM_WRITE_115: 0
MEM_WRITE_116: 0
MEM_WRITE_117: 0
MEM_WRITE_118: 0
MEM_WRITE_119: 0
MEM_WRITE_120: 0
MEM_WRITE_121: 0
MEM_WRITE_122: 0
MEM_WRITE_123: 0
MEM_WRITE_124: 0
MEM_WRITE_125: 0
MEM_WRITE_126: 0
MEM_WRITE_127: 0
MEM_WRITE_128: 0
MEM_WRITE_129: 0
MEM_WRITE_130: 0
MEM_WRITE_131: 0
MEM_WRITE_132: 0
MEM_WRITE_133: 0
MEM_WRITE_134: 0
MEM_WRITE_135: 0
MEM_WRITE_136: 0
MEM_WRITE_137: 0
MEM_WRITE_138: 0
MEM_WRITE_139: 0
MEM_WRITE_140: 0
MEM_WRITE_141: 0
MEM_WRITE_142: 0
MEM_WRITE_143: 0
MEM_WRITE_144: 0
MEM_WRITE_145: 0
MEM_WRITE_146: 0
MEM_WRITE_147: 0
MEM_WRITE_148: 0
MEM_WRITE_149: 0
MEM_WRITE_150: 0
MEM_WRITE_151: 0
MEM_WRITE_152: 0
MEM_WRITE_153: 0
MEM_WRITE_154: 0
MEM_WRITE_155: 0
MEM_WRITE_156: 0
MEM_WRITE_157: 0
MEM_WRITE_158: 0
MEM_WRITE_159: 0
MEM_WRITE_160: 0
MEM_WRITE_161: 0
MEM_WRITE_162: 0
MEM_WRITE_163: 0
MEM_WRITE_164: 0
MEM_WRITE_165: 0
MEM_WRITE_166: 0
MEM_WRITE_167: 0
MEM_WRITE_168: 0
MEM_WRITE_169: 0
MEM_WRITE_170: 0
MEM_WRITE_171: 0
MEM_WRITE_172: 0
MEM_WRITE_173: 0
MEM_WRITE_174: 0
MEM_WRITE_175: 0
MEM_WRITE_176: 0
MEM_WRITE_177: 0
MEM_WRITE_178: 0
MEM_WRITE_179: 0
MEM_WRITE_180: 0
MEM_WRITE_181: 0
MEM_WRITE_182: 0
MEM_WRITE_183: 0
MEM_WRITE_184: 0
MEM_WRITE_185: 0
MEM_WRITE_186: 0
MEM_WRITE_187: 0
MEM_WRITE_188: 0
MEM_WRITE_189: 0
MEM_WRITE_190: 0
MEM_WRITE_191: 0
MEM_WRITE_192: 0
MEM_WRITE_193: 0
MEM_WRITE_194: 0
MEM_WRITE_195: 0
MEM_WRITE_196: 0
MEM_WRITE_197: 0
MEM_WRITE_198: 0
MEM_WRITE_199: 0
MEM_WRITE_200: 0
MEM_WRITE_201: 0
MEM_WRITE_202: 0
MEM_WRITE_203: 0
MEM_WRITE_204: 0
MEM_WRITE_205: 0
MEM_WRITE_206: 0
MEM_WRITE_207: 0
MEM_WRITE_208: 0
MEM_WRITE_209: 0
MEM_WRITE_210: 0
MEM_WRITE_211: 0
MEM_WRITE_212: 0
MEM_WRITE_213: 0
MEM_WRITE_214: 0
MEM_WRITE_215: 0
MEM_WRITE_216: 0
MEM_WRITE_217: 0
MEM_WRITE_218: 0
MEM_WRITE_219: 0
MEM_WRITE_220: 0
MEM_WRITE_221: 0
MEM_WRITE_222: 0
MEM_WRITE_223: 0
MEM_WRITE_224: 0
MEM_WRITE_225: 0
MEM_WRITE_226: 0
MEM_WRITE_227: 0
MEM_WRITE_228: 0
MEM_WRITE_229: 0
MEM_WRITE_230: 0
MEM_WRITE_231: 0
MEM_WRITE_232: 0
MEM_WRITE_233: 0
MEM_WRITE_234: 0
MEM_WRITE_235: 0
MEM_WRITE_236: 0
MEM_WRITE_237: 0
MEM_WRITE_238: 0
MEM_WRITE_239: 0
MEM_WRITE_240: 0
MEM_WRITE_241: 0
MEM_WRITE_242: 0
MEM_WRITE_243: 0
MEM_WRITE_244: 0
MEM_WRITE_245: 0
MEM_WRITE_246: 0
MEM_WRITE_247: 0
MEM_WRITE_248: 0
MEM_WRITE_249: 0
MEM_WRITE_250: 0
MEM_WRITE_251: 0
MEM_WRITE_252: 0
MEM_WRITE_253: 0
MEM_WRITE_254: 0
MEM_WRITE_255: 0

-- D8: Memory Bytes per Memory Instruction --
MAX_MEM_BYTES: 576
AVG_MEM_BYTES: 2.23853

-- D9: Immediate Field Values --
MAX_IMMEDIATE: 2147483647
MIN_IMMEDIATE: -2147483648

-- D10: Displacement Field Values --
MAX_DISPLACEMENT: 3720133
MIN_DISPLACEMENT: -143766
